// Jest Snapshot v1, https://goo.gl/fbAQLP

exports[`Submit renders Submit 1`] = `
<div>
  <div
    class="container mx-auto"
  >
    <div>
      SubmissionToolbar
    </div>
  </div>
</div>
`;
