// Jest Snapshot v1, https://goo.gl/fbAQLP

exports[`SubmissionToolbar renders SubmissionToolbar 1`] = `
<div>
  <div>
    SubmissionToolbar
  </div>
</div>
`;
