// Jest Snapshot v1, https://goo.gl/fbAQLP

exports[`TopicSelector renders TopicSelector 1`] = `
<div>
  <div>
    TopicSelector
  </div>
</div>
`;
