// Jest Snapshot v1, https://goo.gl/fbAQLP

exports[`MissingPersonForm renders MissingPersonForm 1`] = `
<div>
  <div>
    MissingPersonForm
  </div>
</div>
`;
