// Jest Snapshot v1, https://goo.gl/fbAQLP

exports[`Header renders Header 1`] = `
<div>
  <header
    class="flex flex-wrap sm:justify-start sm:flex-nowrap w-full bg-white text-sm py-4 border-y border-gray-200"
  >
    <nav
      aria-label="Global"
      class="max-w-[85rem] w-full mx-auto px-4 sm:flex sm:items-center sm:justify-between"
    >
      <a
        class="flex-none text-xl font-semibold"
        href="/"
      >
        App
      </a>
      <div
        class="flex flex-row items-center gap-5 mt-5 sm:justify-end sm:mt-0 sm:ps-5"
      >
        <a
          class="font-medium text-gray-600 hover:text-gray-900"
          href="/about"
        >
          About
        </a>
        <a
          class="font-medium text-gray-600 hover:text-gray-900"
          href="/contribute"
        >
          Contribute
        </a>
      </div>
    </nav>
  </header>
</div>
`;
